Archive member included to satisfy reference by file (symbol)

C:/ST/STM32CubeIDE_1.17.0/STM32CubeIDE/plugins/com.st.stm32cube.ide.mcu.externaltools.gnu-tools-for-stm32.13.3.rel1.win32_1.0.0.202411081344/tools/bin/../lib/gcc/arm-none-eabi/13.3.1/../../../../arm-none-eabi/lib/thumb/v6-m/nofp\libc_nano.a(libc_a-exit.o)
                              C:/ST/STM32CubeIDE_1.17.0/STM32CubeIDE/plugins/com.st.stm32cube.ide.mcu.externaltools.gnu-tools-for-stm32.13.3.rel1.win32_1.0.0.202411081344/tools/bin/../lib/gcc/arm-none-eabi/13.3.1/../../../../arm-none-eabi/lib/thumb/v6-m/nofp/crt0.o (exit)
C:/ST/STM32CubeIDE_1.17.0/STM32CubeIDE/plugins/com.st.stm32cube.ide.mcu.externaltools.gnu-tools-for-stm32.13.3.rel1.win32_1.0.0.202411081344/tools/bin/../lib/gcc/arm-none-eabi/13.3.1/../../../../arm-none-eabi/lib/thumb/v6-m/nofp\libc_nano.a(libc_a-findfp.o)
                              C:/ST/STM32CubeIDE_1.17.0/STM32CubeIDE/plugins/com.st.stm32cube.ide.mcu.externaltools.gnu-tools-for-stm32.13.3.rel1.win32_1.0.0.202411081344/tools/bin/../lib/gcc/arm-none-eabi/13.3.1/../../../../arm-none-eabi/lib/thumb/v6-m/nofp\libc_nano.a(libc_a-exit.o) (__stdio_exit_handler)
C:/ST/STM32CubeIDE_1.17.0/STM32CubeIDE/plugins/com.st.stm32cube.ide.mcu.externaltools.gnu-tools-for-stm32.13.3.rel1.win32_1.0.0.202411081344/tools/bin/../lib/gcc/arm-none-eabi/13.3.1/../../../../arm-none-eabi/lib/thumb/v6-m/nofp\libc_nano.a(libc_a-fwalk.o)
                              C:/ST/STM32CubeIDE_1.17.0/STM32CubeIDE/plugins/com.st.stm32cube.ide.mcu.externaltools.gnu-tools-for-stm32.13.3.rel1.win32_1.0.0.202411081344/tools/bin/../lib/gcc/arm-none-eabi/13.3.1/../../../../arm-none-eabi/lib/thumb/v6-m/nofp\libc_nano.a(libc_a-findfp.o) (_fwalk_sglue)
C:/ST/STM32CubeIDE_1.17.0/STM32CubeIDE/plugins/com.st.stm32cube.ide.mcu.externaltools.gnu-tools-for-stm32.13.3.rel1.win32_1.0.0.202411081344/tools/bin/../lib/gcc/arm-none-eabi/13.3.1/../../../../arm-none-eabi/lib/thumb/v6-m/nofp\libc_nano.a(libc_a-stdio.o)
                              C:/ST/STM32CubeIDE_1.17.0/STM32CubeIDE/plugins/com.st.stm32cube.ide.mcu.externaltools.gnu-tools-for-stm32.13.3.rel1.win32_1.0.0.202411081344/tools/bin/../lib/gcc/arm-none-eabi/13.3.1/../../../../arm-none-eabi/lib/thumb/v6-m/nofp\libc_nano.a(libc_a-findfp.o) (__sread)
C:/ST/STM32CubeIDE_1.17.0/STM32CubeIDE/plugins/com.st.stm32cube.ide.mcu.externaltools.gnu-tools-for-stm32.13.3.rel1.win32_1.0.0.202411081344/tools/bin/../lib/gcc/arm-none-eabi/13.3.1/../../../../arm-none-eabi/lib/thumb/v6-m/nofp\libc_nano.a(libc_a-memset.o)
                              C:/ST/STM32CubeIDE_1.17.0/STM32CubeIDE/plugins/com.st.stm32cube.ide.mcu.externaltools.gnu-tools-for-stm32.13.3.rel1.win32_1.0.0.202411081344/tools/bin/../lib/gcc/arm-none-eabi/13.3.1/../../../../arm-none-eabi/lib/thumb/v6-m/nofp/crt0.o (memset)
C:/ST/STM32CubeIDE_1.17.0/STM32CubeIDE/plugins/com.st.stm32cube.ide.mcu.externaltools.gnu-tools-for-stm32.13.3.rel1.win32_1.0.0.202411081344/tools/bin/../lib/gcc/arm-none-eabi/13.3.1/../../../../arm-none-eabi/lib/thumb/v6-m/nofp\libc_nano.a(libc_a-closer.o)
                              C:/ST/STM32CubeIDE_1.17.0/STM32CubeIDE/plugins/com.st.stm32cube.ide.mcu.externaltools.gnu-tools-for-stm32.13.3.rel1.win32_1.0.0.202411081344/tools/bin/../lib/gcc/arm-none-eabi/13.3.1/../../../../arm-none-eabi/lib/thumb/v6-m/nofp\libc_nano.a(libc_a-stdio.o) (_close_r)
C:/ST/STM32CubeIDE_1.17.0/STM32CubeIDE/plugins/com.st.stm32cube.ide.mcu.externaltools.gnu-tools-for-stm32.13.3.rel1.win32_1.0.0.202411081344/tools/bin/../lib/gcc/arm-none-eabi/13.3.1/../../../../arm-none-eabi/lib/thumb/v6-m/nofp\libc_nano.a(libc_a-reent.o)
                              C:/ST/STM32CubeIDE_1.17.0/STM32CubeIDE/plugins/com.st.stm32cube.ide.mcu.externaltools.gnu-tools-for-stm32.13.3.rel1.win32_1.0.0.202411081344/tools/bin/../lib/gcc/arm-none-eabi/13.3.1/../../../../arm-none-eabi/lib/thumb/v6-m/nofp\libc_nano.a(libc_a-closer.o) (errno)
C:/ST/STM32CubeIDE_1.17.0/STM32CubeIDE/plugins/com.st.stm32cube.ide.mcu.externaltools.gnu-tools-for-stm32.13.3.rel1.win32_1.0.0.202411081344/tools/bin/../lib/gcc/arm-none-eabi/13.3.1/../../../../arm-none-eabi/lib/thumb/v6-m/nofp\libc_nano.a(libc_a-impure.o)
                              C:/ST/STM32CubeIDE_1.17.0/STM32CubeIDE/plugins/com.st.stm32cube.ide.mcu.externaltools.gnu-tools-for-stm32.13.3.rel1.win32_1.0.0.202411081344/tools/bin/../lib/gcc/arm-none-eabi/13.3.1/../../../../arm-none-eabi/lib/thumb/v6-m/nofp\libc_nano.a(libc_a-reent.o) (_impure_ptr)
C:/ST/STM32CubeIDE_1.17.0/STM32CubeIDE/plugins/com.st.stm32cube.ide.mcu.externaltools.gnu-tools-for-stm32.13.3.rel1.win32_1.0.0.202411081344/tools/bin/../lib/gcc/arm-none-eabi/13.3.1/../../../../arm-none-eabi/lib/thumb/v6-m/nofp\libc_nano.a(libc_a-lseekr.o)
[...]
Memory Configuration

Name             Origin             Length             Attributes
RAM              0x20000000         0x00001800         xrw
FLASH            0x08000000         0x00008000         xr
*default*        0x00000000         0xffffffff

Linker script and memory map

LOAD C:/ST/STM32CubeIDE_1.17.0/STM32CubeIDE/plugins/com.st.stm32cube.ide.mcu.externaltools.gnu-tools-for-stm32.13.3.rel1.win32_1.0.0.202411081344/tools/bin/../lib/gcc/arm-none-eabi/13.3.1/thumb/v6-m/nofp/crti.o
LOAD C:/ST/STM32CubeIDE_1.17.0/STM32CubeIDE/plugins/com.st.stm32cube.ide.mcu.externaltools.gnu-tools-for-stm32.13.3.rel1.win32_1.0.0.202411081344/tools/bin/../lib/gcc/arm-none-eabi/13.3.1/thumb/v6-m/nofp/crtbegin.o
LOAD C:/ST/STM32CubeIDE_1.17.0/STM32CubeIDE/plugins/com.st.stm32cube.ide.mcu.externaltools.gnu-tools-for-stm32.13.3.rel1.win32_1.0.0.202411081344/tools/bin/../lib/gcc/arm-none-eabi/13.3.1/../../../../arm-none-eabi/lib/thumb/v6-m/nofp/crt0.o
LOAD ./Core/Src/main.o
LOAD ./Core/Src/stm32f0xx_hal_msp.o
LOAD ./Core/Src/stm32f0xx_it.o
LOAD ./Core/Src/syscalls.o
LOAD ./Core/Src/sysmem.o
LOAD ./Core/Src/system_stm32f0xx.o
LOAD ./Core/Startup/startup_stm32f042k6tx.o
LOAD ./Drivers/STM32F0xx_HAL_Driver/Src/stm32f0xx_hal.o
LOAD ./Drivers/STM32F0xx_HAL_Driver/Src/stm32f0xx_hal_cortex.o
LOAD ./Drivers/STM32F0xx_HAL_Driver/Src/stm32f0xx_hal_dma.o
LOAD ./Drivers/STM32F0xx_HAL_Driver/Src/stm32f0xx_hal_exti.o
LOAD ./Drivers/STM32F0xx_HAL_Driver/Src/stm32f0xx_hal_flash.o
LOAD ./Drivers/STM32F0xx_HAL_Driver/Src/stm32f0xx_hal_flash_ex.o
LOAD ./Drivers/STM32F0xx_HAL_Driver/Src/stm32f0xx_hal_gpio.o
LOAD ./Drivers/STM32F0xx_HAL_Driver/Src/stm32f0xx_hal_i2c.o
LOAD ./Drivers/STM32F0xx_HAL_Driver/Src/stm32f0xx_hal_i2c_ex.o
LOAD ./Drivers/STM32F0xx_HAL_Driver/Src/stm32f0xx_hal_pwr.o
LOAD ./Drivers/STM32F0xx_HAL_Driver/Src/stm32f0xx_hal_pwr_ex.o
LOAD ./Drivers/STM32F0xx_HAL_Driver/Src/stm32f0xx_hal_rcc.o
LOAD ./Drivers/STM32F0xx_HAL_Driver/Src/stm32f0xx_hal_rcc_ex.o
LOAD ./Drivers/STM32F0xx_HAL_Driver/Src/stm32f0xx_hal_tim.o
LOAD ./Drivers/STM32F0xx_HAL_Driver/Src/stm32f0xx_hal_tim_ex.o
LOAD ./Drivers/STM32F0xx_HAL_Driver/Src/stm32f0xx_hal_uart.o
LOAD ./Drivers/STM32F0xx_HAL_Driver/Src/stm32f0xx_hal_uart_ex.o
LOAD ./Library/microtbx/tbx_aes256.o
LOAD ./Library/microtbx/tbx_assert.o
LOAD ./Library/microtbx/tbx_checksum.o
LOAD ./Library/microtbx/tbx_comp.o
LOAD ./Library/microtbx/tbx_critsect.o
LOAD ./Library/microtbx/tbx_crypto.o
LOAD ./Library/microtbx/tbx_heap.o
LOAD ./Library/microtbx/tbx_list.o
LOAD ./Library/microtbx/tbx_mempool.o
LOAD ./Library/microtbx/tbx_platform.o
LOAD ./Library/microtbx/tbx_port.o
LOAD ./Library/microtbx/tbx_random.o
LOAD ./Library/microtbx-modbus/tbxmb_client.o
LOAD ./Library/microtbx-modbus/tbxmb_event.o
LOAD ./Library/microtbx-modbus/tbxmb_port.o
LOAD ./Library/microtbx-modbus/tbxmb_rtu.o
LOAD ./Library/microtbx-modbus/tbxmb_server.o
LOAD ./Library/microtbx-modbus/tbxmb_superloop.o
LOAD ./Library/microtbx-modbus/tbxmb_uart.o
START GROUP
LOAD C:/ST/STM32CubeIDE_1.17.0/STM32CubeIDE/plugins/com.st.stm32cube.ide.mcu.externaltools.gnu-tools-for-stm32.13.3.rel1.win32_1.0.0.202411081344/tools/bin/../lib/gcc/arm-none-eabi/13.3.1/../../../../arm-none-eabi/lib/thumb/v6-m/nofp\libc_nano.a
LOAD C:/ST/STM32CubeIDE_1.17.0/STM32CubeIDE/plugins/com.st.stm32cube.ide.mcu.externaltools.gnu-tools-for-stm32.13.3.rel1.win32_1.0.0.202411081344/tools/bin/../lib/gcc/arm-none-eabi/13.3.1/../../../../arm-none-eabi/lib/thumb/v6-m/nofp\libm.a
END GROUP
START GROUP
LOAD C:/ST/STM32CubeIDE_1.17.0/STM32CubeIDE/plugins/com.st.stm32cube.ide.mcu.externaltools.gnu-tools-for-stm32.13.3.rel1.win32_1.0.0.202411081344/tools/bin/../lib/gcc/arm-none-eabi/13.3.1/thumb/v6-m/nofp\libgcc.a
LOAD C:/ST/STM32CubeIDE_1.17.0/STM32CubeIDE/plugins/com.st.stm32cube.ide.mcu.externaltools.gnu-tools-for-stm32.13.3.rel1.win32_1.0.0.202411081344/tools/bin/../lib/gcc/arm-none-eabi/13.3.1/../../../../arm-none-eabi/lib/thumb/v6-m/nofp\libc_nano.a
END GROUP
START GROUP
LOAD C:/ST/STM32CubeIDE_1.17.0/STM32CubeIDE/plugins/com.st.stm32cube.ide.mcu.externaltools.gnu-tools-for-stm32.13.3.rel1.win32_1.0.0.202411081344/tools/bin/../lib/gcc/arm-none-eabi/13.3.1/thumb/v6-m/nofp\libgcc.a
LOAD C:/ST/STM32CubeIDE_1.17.0/STM32CubeIDE/plugins/com.st.stm32cube.ide.mcu.externaltools.gnu-tools-for-stm32.13.3.rel1.win32_1.0.0.202411081344/tools/bin/../lib/gcc/arm-none-eabi/13.3.1/../../../../arm-none-eabi/lib/thumb/v6-m/nofp\libc_nano.a
LOAD C:/ST/STM32CubeIDE_1.17.0/STM32CubeIDE/plugins/com.st.stm32cube.ide.mcu.externaltools.gnu-tools-for-stm32.13.3.rel1.win32_1.0.0.202411081344/tools/bin/../lib/gcc/arm-none-eabi/13.3.1/../../../../arm-none-eabi/lib/thumb/v6-m/nofp\libnosys.a
END GROUP
START GROUP
LOAD C:/ST/STM32CubeIDE_1.17.0/STM32CubeIDE/plugins/com.st.stm32cube.ide.mcu.externaltools.gnu-tools-for-stm32.13.3.rel1.win32_1.0.0.202411081344/tools/bin/../lib/gcc/arm-none-eabi/13.3.1/thumb/v6-m/nofp\libgcc.a
LOAD C:/ST/STM32CubeIDE_1.17.0/STM32CubeIDE/plugins/com.st.stm32cube.ide.mcu.externaltools.gnu-tools-for-stm32.13.3.rel1.win32_1.0.0.202411081344/tools/bin/../lib/gcc/arm-none-eabi/13.3.1/../../../../arm-none-eabi/lib/thumb/v6-m/nofp\libc_nano.a
LOAD C:/ST/STM32CubeIDE_1.17.0/STM32CubeIDE/plugins/com.st.stm32cube.ide.mcu.externaltools.gnu-tools-for-stm32.13.3.rel1.win32_1.0.0.202411081344/tools/bin/../lib/gcc/arm-none-eabi/13.3.1/../../../../arm-none-eabi/lib/thumb/v6-m/nofp\libnosys.a
END GROUP
LOAD C:/ST/STM32CubeIDE_1.17.0/STM32CubeIDE/plugins/com.st.stm32cube.ide.mcu.externaltools.gnu-tools-for-stm32.13.3.rel1.win32_1.0.0.202411081344/tools/bin/../lib/gcc/arm-none-eabi/13.3.1/thumb/v6-m/nofp/crtend.o
LOAD C:/ST/STM32CubeIDE_1.17.0/STM32CubeIDE/plugins/com.st.stm32cube.ide.mcu.externaltools.gnu-tools-for-stm32.13.3.rel1.win32_1.0.0.202411081344/tools/bin/../lib/gcc/arm-none-eabi/13.3.1/thumb/v6-m/nofp/crtn.o
                0x20001800                        _estack = (ORIGIN (RAM) + LENGTH (RAM))
                0x00000200                        _Min_Heap_Size = 0x200
                0x00000400                        _Min_Stack_Size = 0x400

.isr_vector     0x08000000       0xc0
                0x08000000                        . = ALIGN (0x4)
 *(.isr_vector)
 .isr_vector    0x08000000       0xc0 ./Core/Startup/startup_stm32f042k6tx.o
                0x08000000                g_pfnVectors
                0x080000c0                        . = ALIGN (0x4)

.text           0x080000c0     0x68dc
                0x080000c0                        . = ALIGN (0x4)
 *(.text)
 .text          0x080000c0       0x48 C:/ST/STM32CubeIDE_1.17.0/STM32CubeIDE/plugins/com.st.stm32cube.ide.mcu.externaltools.gnu-tools-for-stm32.13.3.rel1.win32_1.0.0.202411081344/tools/bin/../lib/gcc/arm-none-eabi/13.3.1/thumb/v6-m/nofp/crtbegin.o
 .text          0x08000108        0xe ./Library/microtbx/tbx_comp.o
                0x08000108                TbxPortInterruptsDisable
                0x08000110                TbxPortInterruptsRestore
 *fill*         0x08000116        0x2 
 .text          0x08000118      0x114 C:/ST/STM32CubeIDE_1.17.0/STM32CubeIDE/plugins/com.st.stm32cube.ide.mcu.externaltools.gnu-tools-for-stm32.13.3.rel1.win32_1.0.0.202411081344/tools/bin/../lib/gcc/arm-none-eabi/13.3.1/thumb/v6-m/nofp\libgcc.a(_udivsi3.o)
                0x08000118                __aeabi_uidiv
                0x08000118                __udivsi3
                0x08000224                __aeabi_uidivmod
 .text          0x0800022c        0x4 C:/ST/STM32CubeIDE_1.17.0/STM32CubeIDE/plugins/com.st.stm32cube.ide.mcu.externaltools.gnu-tools-for-stm32.13.3.rel1.win32_1.0.0.202411081344/tools/bin/../lib/gcc/arm-none-eabi/13.3.1/thumb/v6-m/nofp\libgcc.a(_dvmd_tls.o)
                0x0800022c                __aeabi_idiv0
                0x0800022c                __aeabi_ldiv0
 *(.text*)
 .text.ModbusReadInputReg
                0x08000230       0x58 ./Core/Src/main.o
                0x08000230                ModbusReadInputReg
 .text.main     0x08000288       0xf4 ./Core/Src/main.o
                0x08000288                main
 .text.SystemClock_Config
                0x0800037c       0xbe ./Core/Src/main.o
                0x0800037c                SystemClock_Config
 *fill*         0x0800043a        0x2 
 .text.MX_TIM14_Init
                0x0800043c       0x50 ./Core/Src/main.o
 .text.MX_USART1_UART_Init
                0x0800048c       0x64 ./Core/Src/main.o
 .text.MX_GPIO_Init
                0x080004f0       0xb0 ./Core/Src/main.o
 .text.Error_Handler
                0x080005a0        0xc ./Core/Src/main.o
                0x080005a0                Error_Handler
 .text.HAL_MspInit
                0x080005ac       0x48 ./Core/Src/stm32f0xx_hal_msp.o
                0x080005ac                HAL_MspInit
 .text.HAL_TIM_Base_MspInit
                0x080005f4       0x50 ./Core/Src/stm32f0xx_hal_msp.o
                0x080005f4                HAL_TIM_Base_MspInit
 .text.HAL_UART_MspInit
                0x08000644       0xac ./Core/Src/stm32f0xx_hal_msp.o
                0x08000644                HAL_UART_MspInit
 .text.NMI_Handler
                0x080006f0        0x8 ./Core/Src/stm32f0xx_it.o
                0x080006f0                NMI_Handler
 .text.HardFault_Handler
                0x080006f8        0x8 ./Core/Src/stm32f0xx_it.o
                0x080006f8                HardFault_Handler
 .text.SVC_Handler
                0x08000700        0xa ./Core/Src/stm32f0xx_it.o
                0x08000700                SVC_Handler
 .text.PendSV_Handler
                0x0800070a        0xa ./Core/Src/stm32f0xx_it.o
                0x0800070a                PendSV_Handler
 .text.SysTick_Handler
                0x08000714        0xe ./Core/Src/stm32f0xx_it.o
                0x08000714                SysTick_Handler
 *fill*         0x08000722        0x2 
 .text.TIM14_IRQHandler
                0x08000724       0x18 ./Core/Src/stm32f0xx_it.o
                0x08000724                TIM14_IRQHandler
 .text.USART1_IRQHandler
                0x0800073c       0x18 ./Core/Src/stm32f0xx_it.o
                0x0800073c                USART1_IRQHandler
 .text.SystemInit
                0x08000754        0xa ./Core/Src/system_stm32f0xx.o
                0x08000754                SystemInit
 *fill*         0x0800075e        0x2 
 .text.Reset_Handler
                0x08000760       0x80 ./Core/Startup/startup_stm32f042k6tx.o
                0x08000760                Reset_Handler
 .text.Default_Handler
                0x080007e0        0x2 ./Core/Startup/startup_stm32f042k6tx.o
                0x080007e0                TIM1_CC_IRQHandler
                0x080007e0                TSC_IRQHandler
                0x080007e0                I2C1_IRQHandler
                0x080007e0                RCC_CRS_IRQHandler
                0x080007e0                SPI1_IRQHandler
                0x080007e0                EXTI2_3_IRQHandler
                0x080007e0                ADC1_IRQHandler
                0x080007e0                TIM17_IRQHandler
                0x080007e0                CEC_CAN_IRQHandler
                0x080007e0                RTC_IRQHandler
                0x080007e0                PVD_VDDIO2_IRQHandler
                0x080007e0                TIM16_IRQHandler
                0x080007e0                TIM3_IRQHandler
                0x080007e0                EXTI4_15_IRQHandler
                0x080007e0                DMA1_Channel1_IRQHandler
                0x080007e0                Default_Handler
                0x080007e0                DMA1_Channel4_5_IRQHandler
                0x080007e0                EXTI0_1_IRQHandler
                0x080007e0                USB_IRQHandler
                0x080007e0                SPI2_IRQHandler
                0x080007e0                WWDG_IRQHandler
                0x080007e0                TIM2_IRQHandler
                0x080007e0                DMA1_Channel2_3_IRQHandler
                0x080007e0                USART2_IRQHandler
                0x080007e0                FLASH_IRQHandler
                0x080007e0                TIM1_BRK_UP_TRG_COM_IRQHandler
 *fill*         0x080007e2        0x2 
 .text.HAL_Init
                0x080007e4       0x28 ./Drivers/STM32F0xx_HAL_Driver/Src/stm32f0xx_hal.o
                0x080007e4                HAL_Init
 .text.HAL_InitTick
                0x0800080c       0x68 ./Drivers/STM32F0xx_HAL_Driver/Src/stm32f0xx_hal.o
                0x0800080c                HAL_InitTick
 .text.HAL_IncTick
                0x08000874       0x24 ./Drivers/STM32F0xx_HAL_Driver/Src/stm32f0xx_hal.o
                0x08000874                HAL_IncTick
 .text.HAL_GetTick
                0x08000898       0x14 ./Drivers/STM32F0xx_HAL_Driver/Src/stm32f0xx_hal.o
                0x08000898                HAL_GetTick
 .text.HAL_Delay
                0x080008ac       0x48 ./Drivers/STM32F0xx_HAL_Driver/Src/stm32f0xx_hal.o
                0x080008ac                HAL_Delay
 .text.__NVIC_EnableIRQ
                0x080008f4       0x34 ./Drivers/STM32F0xx_HAL_Driver/Src/stm32f0xx_hal_cortex.o
 .text.__NVIC_SetPriority
                0x08000928       0xdc ./Drivers/STM32F0xx_HAL_Driver/Src/stm32f0xx_hal_cortex.o
 .text.SysTick_Config
                0x08000a04       0x48 ./Drivers/STM32F0xx_HAL_Driver/Src/stm32f0xx_hal_cortex.o
 .text.HAL_NVIC_SetPriority
                0x08000a4c       0x2a ./Drivers/STM32F0xx_HAL_Driver/Src/stm32f0xx_hal_cortex.o
                0x08000a4c                HAL_NVIC_SetPriority
 .text.HAL_NVIC_EnableIRQ
                0x08000a76       0x20 ./Drivers/STM32F0xx_HAL_Driver/Src/stm32f0xx_hal_cortex.o
                0x08000a76                HAL_NVIC_EnableIRQ
 .text.HAL_SYSTICK_Config
                0x08000a96       0x1a ./Drivers/STM32F0xx_HAL_Driver/Src/stm32f0xx_hal_cortex.o
                0x08000a96                HAL_SYSTICK_Config
 .text.HAL_DMA_Abort
                0x08000ab0       0x70 ./Drivers/STM32F0xx_HAL_Driver/Src/stm32f0xx_hal_dma.o
                0x08000ab0                HAL_DMA_Abort
 .text.HAL_DMA_Abort_IT
                0x08000b20       0x8a ./Drivers/STM32F0xx_HAL_Driver/Src/stm32f0xx_hal_dma.o
                0x08000b20                HAL_DMA_Abort_IT
 *fill*         0x08000baa        0x2 
 .text.HAL_GPIO_Init
                0x08000bac      0x2d0 ./Drivers/STM32F0xx_HAL_Driver/Src/stm32f0xx_hal_gpio.o
                0x08000bac                HAL_GPIO_Init
 .text.HAL_GPIO_WritePin
                0x08000e7c       0x3a ./Drivers/STM32F0xx_HAL_Driver/Src/stm32f0xx_hal_gpio.o
                0x08000e7c                HAL_GPIO_WritePin
 *fill*         0x08000eb6        0x2 
 .text.HAL_RCC_OscConfig
                0x08000eb8      0x70c ./Drivers/STM32F0xx_HAL_Driver/Src/stm32f0xx_hal_rcc.o
                0x08000eb8                HAL_RCC_OscConfig
 .text.HAL_RCC_ClockConfig
                0x080015c4      0x1b4 ./Drivers/STM32F0xx_HAL_Driver/Src/stm32f0xx_hal_rcc.o
                0x080015c4                HAL_RCC_ClockConfig
 .text.HAL_RCC_GetSysClockFreq
                0x08001778       0xe4 ./Drivers/STM32F0xx_HAL_Driver/Src/stm32f0xx_hal_rcc.o
                0x08001778                HAL_RCC_GetSysClockFreq
 .text.HAL_RCC_GetHCLKFreq
                0x0800185c       0x14 ./Drivers/STM32F0xx_HAL_Driver/Src/stm32f0xx_hal_rcc.o
                0x0800185c                HAL_RCC_GetHCLKFreq
 .text.HAL_RCC_GetPCLK1Freq
                0x08001870       0x2c ./Drivers/STM32F0xx_HAL_Driver/Src/stm32f0xx_hal_rcc.o
                0x08001870                HAL_RCC_GetPCLK1Freq
 .text.HAL_RCCEx_PeriphCLKConfig
                0x0800189c      0x1dc ./Drivers/STM32F0xx_HAL_Driver/Src/stm32f0xx_hal_rcc_ex.o
                0x0800189c                HAL_RCCEx_PeriphCLKConfig
 .text.HAL_TIM_Base_Init
                0x08001a78       0xa0 ./Drivers/STM32F0xx_HAL_Driver/Src/stm32f0xx_hal_tim.o
                0x08001a78                HAL_TIM_Base_Init
 .text.HAL_TIM_IRQHandler
                0x08001b18      0x1dc ./Drivers/STM32F0xx_HAL_Driver/Src/stm32f0xx_hal_tim.o
                0x08001b18                HAL_TIM_IRQHandler
 .text.HAL_TIM_PeriodElapsedCallback
                0x08001cf4       0x10 ./Drivers/STM32F0xx_HAL_Driver/Src/stm32f0xx_hal_tim.o
                0x08001cf4                HAL_TIM_PeriodElapsedCallback
 .text.HAL_TIM_OC_DelayElapsedCallback
                0x08001d04       0x10 ./Drivers/STM32F0xx_HAL_Driver/Src/stm32f0xx_hal_tim.o
                0x08001d04                HAL_TIM_OC_DelayElapsedCallback
 .text.HAL_TIM_IC_CaptureCallback
                0x08001d14       0x10 ./Drivers/STM32F0xx_HAL_Driver/Src/stm32f0xx_hal_tim.o
                0x08001d14                HAL_TIM_IC_CaptureCallback
 .text.HAL_TIM_PWM_PulseFinishedCallback
                0x08001d24       0x10 ./Drivers/STM32F0xx_HAL_Driver/Src/stm32f0xx_hal_tim.o
                0x08001d24                HAL_TIM_PWM_PulseFinishedCallback
 .text.HAL_TIM_TriggerCallback
                0x08001d34       0x10 ./Drivers/STM32F0xx_HAL_Driver/Src/stm32f0xx_hal_tim.o
                0x08001d34                HAL_TIM_TriggerCallback
 .text.TIM_Base_SetConfig
                0x08001d44      0x108 ./Drivers/STM32F0xx_HAL_Driver/Src/stm32f0xx_hal_tim.o
                0x08001d44                TIM_Base_SetConfig
 .text.HAL_TIMEx_CommutCallback
                0x08001e4c       0x10 ./Drivers/STM32F0xx_HAL_Driver/Src/stm32f0xx_hal_tim_ex.o
                0x08001e4c                HAL_TIMEx_CommutCallback
 .text.HAL_TIMEx_BreakCallback
                0x08001e5c       0x10 ./Drivers/STM32F0xx_HAL_Driver/Src/stm32f0xx_hal_tim_ex.o
                0x08001e5c                HAL_TIMEx_BreakCallback
 .text.HAL_UART_Init
                0x08001e6c       0xa8 ./Drivers/STM32F0xx_HAL_Driver/Src/stm32f0xx_hal_uart.o
                0x08001e6c                HAL_UART_Init
 .text.HAL_UART_Transmit_IT
                0x08001f14       0xe0 ./Drivers/STM32F0xx_HAL_Driver/Src/stm32f0xx_hal_uart.o
                0x08001f14                HAL_UART_Transmit_IT
 .text.HAL_UART_Receive_IT
                0x08001ff4       0xae ./Drivers/STM32F0xx_HAL_Driver/Src/stm32f0xx_hal_uart.o
                0x08001ff4                HAL_UART_Receive_IT
 *fill*         0x080020a2        0x2 
 .text.HAL_UART_IRQHandler
                0x080020a4      0x5c0 ./Drivers/STM32F0xx_HAL_Driver/Src/stm32f0xx_hal_uart.o
                0x080020a4                HAL_UART_IRQHandler
 .text.HAL_UART_ErrorCallback
                0x08002664       0x10 ./Drivers/STM32F0xx_HAL_Driver/Src/stm32f0xx_hal_uart.o
                0x08002664                HAL_UART_ErrorCallback
 .text.HAL_UARTEx_RxEventCallback
                0x08002674       0x16 ./Drivers/STM32F0xx_HAL_Driver/Src/stm32f0xx_hal_uart.o
                0x08002674                HAL_UARTEx_RxEventCallback
 .text.HAL_UART_GetError
                0x0800268a       0x16 ./Drivers/STM32F0xx_HAL_Driver/Src/stm32f0xx_hal_uart.o
                0x0800268a                HAL_UART_GetError
 .text.UART_SetConfig
                0x080026a0      0x280 ./Drivers/STM32F0xx_HAL_Driver/Src/stm32f0xx_hal_uart.o
                0x080026a0                UART_SetConfig
 .text.UART_AdvFeatureConfig
                0x08002920      0x168 ./Drivers/STM32F0xx_HAL_Driver/Src/stm32f0xx_hal_uart.o
                0x08002920                UART_AdvFeatureConfig
 .text.UART_CheckIdleState
                0x08002a88      0x150 ./Drivers/STM32F0xx_HAL_Driver/Src/stm32f0xx_hal_uart.o
                0x08002a88                UART_CheckIdleState
 .text.UART_WaitOnFlagUntilTimeout
                0x08002bd8       0xde ./Drivers/STM32F0xx_HAL_Driver/Src/stm32f0xx_hal_uart.o
                0x08002bd8                UART_WaitOnFlagUntilTimeout
 *fill*         0x08002cb6        0x2 
 .text.UART_Start_Receive_IT
                0x08002cb8      0x194 ./Drivers/STM32F0xx_HAL_Driver/Src/stm32f0xx_hal_uart.o
                0x08002cb8                UART_Start_Receive_IT
 .text.UART_EndRxTransfer
                0x08002e4c       0xc8 ./Drivers/STM32F0xx_HAL_Driver/Src/stm32f0xx_hal_uart.o
 .text.UART_DMAAbortOnError
                0x08002f14       0x2e ./Drivers/STM32F0xx_HAL_Driver/Src/stm32f0xx_hal_uart.o
 .text.UART_TxISR_8BIT
                0x08002f42       0xb2 ./Drivers/STM32F0xx_HAL_Driver/Src/stm32f0xx_hal_uart.o
 .text.UART_TxISR_16BIT
                0x08002ff4       0xbc ./Drivers/STM32F0xx_HAL_Driver/Src/stm32f0xx_hal_uart.o
 .text.UART_EndTransmit_IT
                0x080030b0       0x56 ./Drivers/STM32F0xx_HAL_Driver/Src/stm32f0xx_hal_uart.o
 *fill*         0x08003106        0x2 
 .text.UART_RxISR_8BIT
                0x08003108      0x1b8 ./Drivers/STM32F0xx_HAL_Driver/Src/stm32f0xx_hal_uart.o
 .text.UART_RxISR_16BIT
                0x080032c0      0x1b8 ./Drivers/STM32F0xx_HAL_Driver/Src/stm32f0xx_hal_uart.o
 .text.HAL_UARTEx_WakeupCallback
                0x08003478       0x10 ./Drivers/STM32F0xx_HAL_Driver/Src/stm32f0xx_hal_uart_ex.o
                0x08003478                HAL_UARTEx_WakeupCallback
 .text.TbxAssertTrigger
                0x08003488       0x2c ./Library/microtbx/tbx_assert.o
                0x08003488                TbxAssertTrigger
 .text.TbxCriticalSectionEnter
                0x080034b4       0x38 ./Library/microtbx/tbx_critsect.o
                0x080034b4                TbxCriticalSectionEnter
 .text.TbxCriticalSectionExit
                0x080034ec       0x4c ./Library/microtbx/tbx_critsect.o
                0x080034ec                TbxCriticalSectionExit
 .text.TbxHeapAllocate
                0x08003538       0x74 ./Library/microtbx/tbx_heap.o
                0x08003538                TbxHeapAllocate
 .text.TbxMemPoolCreate
                0x080035ac      0x184 ./Library/microtbx/tbx_mempool.o
                0x080035ac                TbxMemPoolCreate
 .text.TbxMemPoolAllocate
                0x08003730       0xb8 ./Library/microtbx/tbx_mempool.o
                0x08003730                TbxMemPoolAllocate
 .text.TbxMemPoolAllocateAuto
                0x080037e8       0xc0 ./Library/microtbx/tbx_mempool.o
                0x080037e8                TbxMemPoolAllocateAuto
 .text.TbxMemPoolListFind
                0x080038a8       0x60 ./Library/microtbx/tbx_mempool.o
 .text.TbxMemPoolListFindBestFit
                0x08003908       0x74 ./Library/microtbx/tbx_mempool.o
 .text.TbxMemPoolListInsert
                0x0800397c      0x168 ./Library/microtbx/tbx_mempool.o
 .text.TbxMemPoolBlockCreate
                0x08003ae4       0x58 ./Library/microtbx/tbx_mempool.o
 .text.TbxMemPoolBlockGetDataPtr
                0x08003b3c       0x44 ./Library/microtbx/tbx_mempool.o
 .text.TbxMemPoolBlockListCreate
                0x08003b80       0x26 ./Library/microtbx/tbx_mempool.o
 *fill*         0x08003ba6        0x2 
 .text.TbxMemPoolBlockListInsert
                0x08003ba8       0x6c ./Library/microtbx/tbx_mempool.o
 .text.TbxMemPoolBlockListExtract
                0x08003c14       0x5c ./Library/microtbx/tbx_mempool.o
 .text.TbxMemPoolBlockListIsEmpty
                0x08003c70       0x50 ./Library/microtbx/tbx_mempool.o
 .text.TbxMbEventTask
                0x08003cc0      0x1b0 ./Library/microtbx-modbus/tbxmb_event.o
                0x08003cc0                TbxMbEventTask
 .text.TbxMbPortUartInit
                0x08003e70       0x44 ./Library/microtbx-modbus/tbxmb_port.o
                0x08003e70                TbxMbPortUartInit
 .text.TbxMbPortUartTransmit
                0x08003eb4       0x48 ./Library/microtbx-modbus/tbxmb_port.o
                0x08003eb4                TbxMbPortUartTransmit
 .text.TbxMbPortTimerCount
                0x08003efc       0x38 ./Library/microtbx-modbus/tbxmb_port.o
                0x08003efc                TbxMbPortTimerCount
 .text.HAL_UART_TxCpltCallback
                0x08003f34       0x16 ./Library/microtbx-modbus/tbxmb_port.o
                0x08003f34                HAL_UART_TxCpltCallback
 *fill*         0x08003f4a        0x2 
 .text.HAL_UART_RxCpltCallback
                0x08003f4c       0x44 ./Library/microtbx-modbus/tbxmb_port.o
                0x08003f4c                HAL_UART_RxCpltCallback
 .text.TbxMbRtuCreate
                0x08003f90      0x258 ./Library/microtbx-modbus/tbxmb_rtu.o
                0x08003f90                TbxMbRtuCreate
 .text.TbxMbRtuPoll
                0x080041e8      0x2b0 ./Library/microtbx-modbus/tbxmb_rtu.o
 .text.TbxMbRtuTransmit
                0x08004498      0x1fc ./Library/microtbx-modbus/tbxmb_rtu.o
 .text.TbxMbRtuReceptionDone
                0x08004694       0xa0 ./Library/microtbx-modbus/tbxmb_rtu.o
 .text.TbxMbRtuGetRxPacket
                0x08004734       0x84 ./Library/microtbx-modbus/tbxmb_rtu.o
 .text.TbxMbRtuGetTxPacket
                0x080047b8       0x7c ./Library/microtbx-modbus/tbxmb_rtu.o
 .text.TbxMbRtuValidate
                0x08004834      0x190 ./Library/microtbx-modbus/tbxmb_rtu.o
 .text.TbxMbRtuTransmitComplete
                0x080049c4       0xcc ./Library/microtbx-modbus/tbxmb_rtu.o
 .text.TbxMbRtuDataReceived
                0x08004a90      0x1f0 ./Library/microtbx-modbus/tbxmb_rtu.o
 .text.TbxMbRtuCalculatCrc
                0x08004c80       0x98 ./Library/microtbx-modbus/tbxmb_rtu.o
 .text.TbxMbCommonExtractUInt16BE
                0x08004d18       0x54 ./Library/microtbx-modbus/tbxmb_server.o
 .text.TbxMbCommonStoreUInt16BE
                0x08004d6c       0x4c ./Library/microtbx-modbus/tbxmb_server.o
 .text.TbxMbServerCreate
                0x08004db8      0x134 ./Library/microtbx-modbus/tbxmb_server.o
                0x08004db8                TbxMbServerCreate
 .text.TbxMbServerSetCallbackReadInputReg
                0x08004eec       0x6c ./Library/microtbx-modbus/tbxmb_server.o
                0x08004eec                TbxMbServerSetCallbackReadInputReg
 .text.TbxMbServerProcessEvent
                0x08004f58      0x264 ./Library/microtbx-modbus/tbxmb_server.o
 .text.TbxMbServerFC01ReadCoils
                0x080051bc      0x228 ./Library/microtbx-modbus/tbxmb_server.o
 .text.TbxMbServerFC02ReadInputs
                0x080053e4      0x228 ./Library/microtbx-modbus/tbxmb_server.o
 .text.TbxMbServerFC03ReadHoldingRegs
                0x0800560c      0x1a0 ./Library/microtbx-modbus/tbxmb_server.o
 .text.TbxMbServerFC04ReadInputRegs
                0x080057ac      0x1a0 ./Library/microtbx-modbus/tbxmb_server.o
 .text.TbxMbServerFC05WriteSingleCoil
                0x0800594c      0x168 ./Library/microtbx-modbus/tbxmb_server.o
 .text.TbxMbServerFC06WriteSingleReg
                0x08005ab4      0x11c ./Library/microtbx-modbus/tbxmb_server.o
 .text.TbxMbServerFC08Diagnostics
                0x08005bd0      0x2c4 ./Library/microtbx-modbus/tbxmb_server.o
 .text.TbxMbServerFC15WriteMultipleCoils
                0x08005e94      0x254 ./Library/microtbx-modbus/tbxmb_server.o
 .text.TbxMbServerFC16WriteMultipleRegs
                0x080060e8      0x1c0 ./Library/microtbx-modbus/tbxmb_server.o
 .text.TbxMbOsalEventInit
                0x080062a8       0x20 ./Library/microtbx-modbus/tbxmb_superloop.o
                0x080062a8                TbxMbOsalEventInit
 .text.TbxMbOsalEventPost
                0x080062c8       0x54 ./Library/microtbx-modbus/tbxmb_superloop.o
                0x080062c8                TbxMbOsalEventPost
 .text.TbxMbOsalEventWait
                0x0800631c       0x50 ./Library/microtbx-modbus/tbxmb_superloop.o
                0x0800631c                TbxMbOsalEventWait
 .text.TbxMbOsalSemCreate
                0x0800636c       0x48 ./Library/microtbx-modbus/tbxmb_superloop.o
                0x0800636c                TbxMbOsalSemCreate
 .text.TbxMbOsalSemGive
                0x080063b4       0x68 ./Library/microtbx-modbus/tbxmb_superloop.o
                0x080063b4                TbxMbOsalSemGive
 .text.TbxMbOsalSemTake
                0x0800641c      0x14c ./Library/microtbx-modbus/tbxmb_superloop.o
                0x0800641c                TbxMbOsalSemTake
 .text.TbxMbOsalEventQueueClear
                0x08006568       0x34 ./Library/microtbx-modbus/tbxmb_superloop.o
 .text.TbxMbOsalEventQueueWrite
                0x0800659c       0xb0 ./Library/microtbx-modbus/tbxmb_superloop.o
 .text.TbxMbOsalEventQueueRead
                0x0800664c       0xb0 ./Library/microtbx-modbus/tbxmb_superloop.o
 .text.TbxMbUartInit
                0x080066fc       0xcc ./Library/microtbx-modbus/tbxmb_uart.o
                0x080066fc                TbxMbUartInit
 .text.TbxMbUartTransmit
                0x080067c8       0x80 ./Library/microtbx-modbus/tbxmb_uart.o
                0x080067c8                TbxMbUartTransmit
 .text.TbxMbUartTransmitComplete
                0x08006848       0x58 ./Library/microtbx-modbus/tbxmb_uart.o
                0x08006848                TbxMbUartTransmitComplete
 .text.TbxMbUartDataReceived
                0x080068a0       0x8c ./Library/microtbx-modbus/tbxmb_uart.o
                0x080068a0                TbxMbUartDataReceived
 .text.memset   0x0800692c       0x10 C:/ST/STM32CubeIDE_1.17.0/STM32CubeIDE/plugins/com.st.stm32cube.ide.mcu.externaltools.gnu-tools-for-stm32.13.3.rel1.win32_1.0.0.202411081344/tools/bin/../lib/gcc/arm-none-eabi/13.3.1/../../../../arm-none-eabi/lib/thumb/v6-m/nofp\libc_nano.a(libc_a-memset.o)
                0x0800692c                memset
 .text.__libc_init_array
                0x0800693c       0x48 C:/ST/STM32CubeIDE_1.17.0/STM32CubeIDE/plugins/com.st.stm32cube.ide.mcu.externaltools.gnu-tools-for-stm32.13.3.rel1.win32_1.0.0.202411081344/tools/bin/../lib/gcc/arm-none-eabi/13.3.1/../../../../arm-none-eabi/lib/thumb/v6-m/nofp\libc_nano.a(libc_a-init.o)
                0x0800693c                __libc_init_array
 *(.glue_7)
 .glue_7        0x08006984        0x0 linker stubs
 *(.glue_7t)
 .glue_7t       0x08006984        0x0 linker stubs
 *(.eh_frame)
 .eh_frame      0x08006984        0x0 C:/ST/STM32CubeIDE_1.17.0/STM32CubeIDE/plugins/com.st.stm32cube.ide.mcu.externaltools.gnu-tools-for-stm32.13.3.rel1.win32_1.0.0.202411081344/tools/bin/../lib/gcc/arm-none-eabi/13.3.1/thumb/v6-m/nofp/crtbegin.o
 *(.init)
 .init          0x08006984        0x4 C:/ST/STM32CubeIDE_1.17.0/STM32CubeIDE/plugins/com.st.stm32cube.ide.mcu.externaltools.gnu-tools-for-stm32.13.3.rel1.win32_1.0.0.202411081344/tools/bin/../lib/gcc/arm-none-eabi/13.3.1/thumb/v6-m/nofp/crti.o
                0x08006984                _init
 .init          0x08006988        0x8 C:/ST/STM32CubeIDE_1.17.0/STM32CubeIDE/plugins/com.st.stm32cube.ide.mcu.externaltools.gnu-tools-for-stm32.13.3.rel1.win32_1.0.0.202411081344/tools/bin/../lib/gcc/arm-none-eabi/13.3.1/thumb/v6-m/nofp/crtn.o
 *(.fini)
 .fini          0x08006990        0x4 C:/ST/STM32CubeIDE_1.17.0/STM32CubeIDE/plugins/com.st.stm32cube.ide.mcu.externaltools.gnu-tools-for-stm32.13.3.rel1.win32_1.0.0.202411081344/tools/bin/../lib/gcc/arm-none-eabi/13.3.1/thumb/v6-m/nofp/crti.o
                0x08006990                _fini
 .fini          0x08006994        0x8 C:/ST/STM32CubeIDE_1.17.0/STM32CubeIDE/plugins/com.st.stm32cube.ide.mcu.externaltools.gnu-tools-for-stm32.13.3.rel1.win32_1.0.0.202411081344/tools/bin/../lib/gcc/arm-none-eabi/13.3.1/thumb/v6-m/nofp/crtn.o
                0x0800699c                        . = ALIGN (0x4)
                0x0800699c                        _etext = .

.vfp11_veneer   0x0800699c        0x0
 .vfp11_veneer  0x0800699c        0x0 linker stubs

.v4_bx          0x0800699c        0x0
 .v4_bx         0x0800699c        0x0 linker stubs

.iplt           0x0800699c        0x0
 .iplt          0x0800699c        0x0 C:/ST/STM32CubeIDE_1.17.0/STM32CubeIDE/plugins/com.st.stm32cube.ide.mcu.externaltools.gnu-tools-for-stm32.13.3.rel1.win32_1.0.0.202411081344/tools/bin/../lib/gcc/arm-none-eabi/13.3.1/thumb/v6-m/nofp/crtbegin.o

.rodata         0x0800699c      0x434
                0x0800699c                        . = ALIGN (0x4)
 *(.rodata)
 .rodata        0x0800699c       0x23 ./Library/microtbx/tbx_critsect.o
 *fill*         0x080069bf        0x1 
 .rodata        0x080069c0       0x1f ./Library/microtbx/tbx_heap.o
 *fill*         0x080069df        0x1 
 .rodata        0x080069e0       0x22 ./Library/microtbx/tbx_mempool.o
 *fill*         0x08006a02        0x2 
 .rodata        0x08006a04       0x29 ./Library/microtbx-modbus/tbxmb_event.o
 *fill*         0x08006a2d        0x3 
 .rodata        0x08006a30       0x32 ./Library/microtbx-modbus/tbxmb_rtu.o
 *fill*         0x08006a62        0x2 
 .rodata        0x08006a64       0x56 ./Library/microtbx-modbus/tbxmb_server.o
 *fill*         0x08006aba        0x2 
 .rodata        0x08006abc       0x2d ./Library/microtbx-modbus/tbxmb_superloop.o
 *fill*         0x08006ae9        0x3 
 .rodata        0x08006aec       0x28 ./Library/microtbx-modbus/tbxmb_uart.o
 *(.rodata*)
 .rodata.AHBPrescTable
                0x08006b14       0x10 ./Core/Src/system_stm32f0xx.o
                0x08006b14                AHBPrescTable
 .rodata.APBPrescTable
                0x08006b24        0x8 ./Core/Src/system_stm32f0xx.o
                0x08006b24                APBPrescTable
 .rodata.aPLLMULFactorTable.1
                0x08006b2c       0x10 ./Drivers/STM32F0xx_HAL_Driver/Src/stm32f0xx_hal_rcc.o
 .rodata.aPredivFactorTable.0
                0x08006b3c       0x10 ./Drivers/STM32F0xx_HAL_Driver/Src/stm32f0xx_hal_rcc.o
 .rodata.tbxMbRtuCrcTable.0
                0x08006b4c      0x200 ./Library/microtbx-modbus/tbxmb_rtu.o
 .rodata.TbxMbServerProcessEvent
                0x08006d4c       0x44 ./Library/microtbx-modbus/tbxmb_server.o
 .rodata.TbxMbServerFC08Diagnostics
                0x08006d90       0x40 ./Library/microtbx-modbus/tbxmb_server.o
                0x08006dd0                        . = ALIGN (0x4)

.ARM.extab      0x08006dd0        0x0
                0x08006dd0                        . = ALIGN (0x4)
 *(.ARM.extab* .gnu.linkonce.armextab.*)
                0x08006dd0                        . = ALIGN (0x4)

.ARM            0x08006dd0        0x0
                0x08006dd0                        . = ALIGN (0x4)
                0x08006dd0                        __exidx_start = .
 *(.ARM.exidx*)
                0x08006dd0                        __exidx_end = .
                0x08006dd0                        . = ALIGN (0x4)

.preinit_array  0x08006dd0        0x0
                0x08006dd0                        . = ALIGN (0x4)
                0x08006dd0                        PROVIDE (__preinit_array_start = .)
 *(.preinit_array*)
                0x08006dd0                        PROVIDE (__preinit_array_end = .)
                0x08006dd0                        . = ALIGN (0x4)

.init_array     0x08006dd0        0x4
                0x08006dd0                        . = ALIGN (0x4)
                0x08006dd0                        PROVIDE (__init_array_start = .)
 *(SORT_BY_NAME(.init_array.*))
 *(.init_array*)
 .init_array    0x08006dd0        0x4 C:/ST/STM32CubeIDE_1.17.0/STM32CubeIDE/plugins/com.st.stm32cube.ide.mcu.externaltools.gnu-tools-for-stm32.13.3.rel1.win32_1.0.0.202411081344/tools/bin/../lib/gcc/arm-none-eabi/13.3.1/thumb/v6-m/nofp/crtbegin.o
                0x08006dd4                        PROVIDE (__init_array_end = .)
                0x08006dd4                        . = ALIGN (0x4)

.fini_array     0x08006dd4        0x4
                0x08006dd4                        . = ALIGN (0x4)
                [!provide]                        PROVIDE (__fini_array_start = .)
 *(SORT_BY_NAME(.fini_array.*))
 *(.fini_array*)
 .fini_array    0x08006dd4        0x4 C:/ST/STM32CubeIDE_1.17.0/STM32CubeIDE/plugins/com.st.stm32cube.ide.mcu.externaltools.gnu-tools-for-stm32.13.3.rel1.win32_1.0.0.202411081344/tools/bin/../lib/gcc/arm-none-eabi/13.3.1/thumb/v6-m/nofp/crtbegin.o
                [!provide]                        PROVIDE (__fini_array_end = .)
                0x08006dd8                        . = ALIGN (0x4)
                0x08006dd8                        _sidata = LOADADDR (.data)

.rel.dyn        0x08006dd8        0x0
 .rel.iplt      0x08006dd8        0x0 C:/ST/STM32CubeIDE_1.17.0/STM32CubeIDE/plugins/com.st.stm32cube.ide.mcu.externaltools.gnu-tools-for-stm32.13.3.rel1.win32_1.0.0.202411081344/tools/bin/../lib/gcc/arm-none-eabi/13.3.1/thumb/v6-m/nofp/crtbegin.o

.data           0x20000000        0xc load address 0x08006dd8
                0x20000000                        . = ALIGN (0x4)
                0x20000000                        _sdata = .
 *(.data)
 *(.data*)
 .data.SystemCoreClock
                0x20000000        0x4 ./Core/Src/system_stm32f0xx.o
                0x20000000                SystemCoreClock
 .data.uwTickPrio
                0x20000004        0x4 ./Drivers/STM32F0xx_HAL_Driver/Src/stm32f0xx_hal.o
                0x20000004                uwTickPrio
 .data.uwTickFreq
                0x20000008        0x1 ./Drivers/STM32F0xx_HAL_Driver/Src/stm32f0xx_hal.o
                0x20000008                uwTickFreq
 *fill*         0x20000009        0x1 
 .data.waitTimeoutMS.0
                0x2000000a        0x2 ./Library/microtbx-modbus/tbxmb_event.o
 *(.RamFunc)
 *(.RamFunc*)
                0x2000000c                        . = ALIGN (0x4)
                0x2000000c                        _edata = .

.igot.plt       0x2000000c        0x0 load address 0x08006de4
 .igot.plt      0x2000000c        0x0 C:/ST/STM32CubeIDE_1.17.0/STM32CubeIDE/plugins/com.st.stm32cube.ide.mcu.externaltools.gnu-tools-for-stm32.13.3.rel1.win32_1.0.0.202411081344/tools/bin/../lib/gcc/arm-none-eabi/13.3.1/thumb/v6-m/nofp/crtbegin.o
                0x2000000c                        . = ALIGN (0x4)

.bss            0x2000000c      0xafc load address 0x08006de4
                0x2000000c                        _sbss = .
                0x2000000c                        __bss_start__ = _sbss
 *(.bss)
 .bss           0x2000000c       0x1c C:/ST/STM32CubeIDE_1.17.0/STM32CubeIDE/plugins/com.st.stm32cube.ide.mcu.externaltools.gnu-tools-for-stm32.13.3.rel1.win32_1.0.0.202411081344/tools/bin/../lib/gcc/arm-none-eabi/13.3.1/thumb/v6-m/nofp/crtbegin.o
 *(.bss*)
 .bss.htim14    0x20000028       0x48 ./Core/Src/main.o
                0x20000028                htim14
 .bss.huart1    0x20000070       0x88 ./Core/Src/main.o
                0x20000070                huart1
 .bss.modbusTp  0x200000f8        0x4 ./Core/Src/main.o
                0x200000f8                modbusTp
 .bss.modbusServer
                0x200000fc        0x4 ./Core/Src/main.o
                0x200000fc                modbusServer
 .bss.uwTick    0x20000100        0x4 ./Drivers/STM32F0xx_HAL_Driver/Src/stm32f0xx_hal.o
                0x20000100                uwTick
 .bss.tbxAssertHandlerPtr
                0x20000104        0x4 ./Library/microtbx/tbx_assert.o
 .bss.tbxCritSectNestingCounter
                0x20000108        0x4 ./Library/microtbx/tbx_critsect.o
 .bss.tbxCritSectCpuSR
                0x2000010c        0x4 ./Library/microtbx/tbx_critsect.o
 .bss.tbxHeapAllocated
                0x20000110        0x4 ./Library/microtbx/tbx_heap.o
 .bss.tbxHeapBuffer.0
                0x20000114      0x800 ./Library/microtbx/tbx_heap.o
 .bss.tbxPoolList
                0x20000914        0x4 ./Library/microtbx/tbx_mempool.o
 .bss.pollerList
                0x20000918       0x80 ./Library/microtbx-modbus/tbxmb_event.o
 .bss.pollerListInitialized
                0x20000998        0x1 ./Library/microtbx-modbus/tbxmb_event.o
 .bss.rxByte    0x20000999        0x1 ./Library/microtbx-modbus/tbxmb_port.o
 .bss.counterStarted.0
                0x2000099a        0x1 ./Library/microtbx-modbus/tbxmb_port.o
 *fill*         0x2000099b        0x1 
 .bss.tbxMbTpRtuCtx
                0x2000099c       0x20 ./Library/microtbx-modbus/tbxmb_rtu.o
 .bss.eventQueue
                0x200009bc      0x108 ./Library/microtbx-modbus/tbxmb_superloop.o
 .bss.osalInitialized.0
                0x20000ac4        0x1 ./Library/microtbx-modbus/tbxmb_superloop.o
 *fill*         0x20000ac5        0x3 
 .bss.uartInfo  0x20000ac8       0x40 ./Library/microtbx-modbus/tbxmb_uart.o
 *(COMMON)
                0x20000b08                        . = ALIGN (0x4)
                0x20000b08                        _ebss = .
                0x20000b08                        __bss_end__ = _ebss

._user_heap_stack
                0x20000b08      0x600 load address 0x08006de4
                0x20000b08                        . = ALIGN (0x8)
                [!provide]                        PROVIDE (end = .)
                0x20000b08                        PROVIDE (_end = .)
                0x20000d08                        . = (. + _Min_Heap_Size)
 *fill*         0x20000b08      0x200 
                0x20001108                        . = (. + _Min_Stack_Size)
 *fill*         0x20000d08      0x400 
                0x20001108                        . = ALIGN (0x8)

/DISCARD/
 libc.a(*)
 libm.a(*)
 libgcc.a(*)

.ARM.attributes
                0x00000000       0x28
 *(.ARM.attributes)
 .ARM.attributes
                0x00000000       0x1e C:/ST/STM32CubeIDE_1.17.0/STM32CubeIDE/plugins/com.st.stm32cube.ide.mcu.externaltools.gnu-tools-for-stm32.13.3.rel1.win32_1.0.0.202411081344/tools/bin/../lib/gcc/arm-none-eabi/13.3.1/thumb/v6-m/nofp/crti.o
 .ARM.attributes
                0x0000001e       0x2c C:/ST/STM32CubeIDE_1.17.0/STM32CubeIDE/plugins/com.st.stm32cube.ide.mcu.externaltools.gnu-tools-for-stm32.13.3.rel1.win32_1.0.0.202411081344/tools/bin/../lib/gcc/arm-none-eabi/13.3.1/thumb/v6-m/nofp/crtbegin.o
 .ARM.attributes
                0x0000004a       0x2c ./Core/Src/main.o
 .ARM.attributes
                0x00000076       0x2c ./Core/Src/stm32f0xx_hal_msp.o
 .ARM.attributes
                0x000000a2       0x2c ./Core/Src/stm32f0xx_it.o
 .ARM.attributes
                0x000000ce       0x2c ./Core/Src/system_stm32f0xx.o
 .ARM.attributes
                0x000000fa       0x21 ./Core/Startup/startup_stm32f042k6tx.o
 .ARM.attributes
                0x0000011b       0x2c ./Drivers/STM32F0xx_HAL_Driver/Src/stm32f0xx_hal.o
 .ARM.attributes
                0x00000147       0x2c ./Drivers/STM32F0xx_HAL_Driver/Src/stm32f0xx_hal_cortex.o
 .ARM.attributes
                0x00000173       0x2c ./Drivers/STM32F0xx_HAL_Driver/Src/stm32f0xx_hal_dma.o
 .ARM.attributes
                0x0000019f       0x2c ./Drivers/STM32F0xx_HAL_Driver/Src/stm32f0xx_hal_gpio.o
 .ARM.attributes
                0x000001cb       0x2c ./Drivers/STM32F0xx_HAL_Driver/Src/stm32f0xx_hal_rcc.o
 .ARM.attributes
                0x000001f7       0x2c ./Drivers/STM32F0xx_HAL_Driver/Src/stm32f0xx_hal_rcc_ex.o
 .ARM.attributes
                0x00000223       0x2c ./Drivers/STM32F0xx_HAL_Driver/Src/stm32f0xx_hal_tim.o
 .ARM.attributes
                0x0000024f       0x2c ./Drivers/STM32F0xx_HAL_Driver/Src/stm32f0xx_hal_tim_ex.o
 .ARM.attributes
                0x0000027b       0x2c ./Drivers/STM32F0xx_HAL_Driver/Src/stm32f0xx_hal_uart.o
 .ARM.attributes
                0x000002a7       0x2c ./Drivers/STM32F0xx_HAL_Driver/Src/stm32f0xx_hal_uart_ex.o
 .ARM.attributes
                0x000002d3       0x2c ./Library/microtbx/tbx_assert.o
 .ARM.attributes
                0x000002ff       0x1c ./Library/microtbx/tbx_comp.o
 .ARM.attributes
                0x0000031b       0x2c ./Library/microtbx/tbx_critsect.o
 .ARM.attributes
                0x00000347       0x2c ./Library/microtbx/tbx_heap.o
 .ARM.attributes
                0x00000373       0x2c ./Library/microtbx/tbx_mempool.o
 .ARM.attributes
                0x0000039f       0x2c ./Library/microtbx-modbus/tbxmb_event.o
 .ARM.attributes
                0x000003cb       0x2c ./Library/microtbx-modbus/tbxmb_port.o
 .ARM.attributes
                0x000003f7       0x2c ./Library/microtbx-modbus/tbxmb_rtu.o
 .ARM.attributes
                0x00000423       0x2c ./Library/microtbx-modbus/tbxmb_server.o
 .ARM.attributes
                0x0000044f       0x2c ./Library/microtbx-modbus/tbxmb_superloop.o
 .ARM.attributes
                0x0000047b       0x2c ./Library/microtbx-modbus/tbxmb_uart.o
 .ARM.attributes
                0x000004a7       0x2c C:/ST/STM32CubeIDE_1.17.0/STM32CubeIDE/plugins/com.st.stm32cube.ide.mcu.externaltools.gnu-tools-for-stm32.13.3.rel1.win32_1.0.0.202411081344/tools/bin/../lib/gcc/arm-none-eabi/13.3.1/../../../../arm-none-eabi/lib/thumb/v6-m/nofp\libc_nano.a(libc_a-memset.o)
 .ARM.attributes
                0x000004d3       0x2c C:/ST/STM32CubeIDE_1.17.0/STM32CubeIDE/plugins/com.st.stm32cube.ide.mcu.externaltools.gnu-tools-for-stm32.13.3.rel1.win32_1.0.0.202411081344/tools/bin/../lib/gcc/arm-none-eabi/13.3.1/../../../../arm-none-eabi/lib/thumb/v6-m/nofp\libc_nano.a(libc_a-init.o)
 .ARM.attributes
                0x000004ff       0x1e C:/ST/STM32CubeIDE_1.17.0/STM32CubeIDE/plugins/com.st.stm32cube.ide.mcu.externaltools.gnu-tools-for-stm32.13.3.rel1.win32_1.0.0.202411081344/tools/bin/../lib/gcc/arm-none-eabi/13.3.1/thumb/v6-m/nofp\libgcc.a(_udivsi3.o)
 .ARM.attributes
                0x0000051d       0x1e C:/ST/STM32CubeIDE_1.17.0/STM32CubeIDE/plugins/com.st.stm32cube.ide.mcu.externaltools.gnu-tools-for-stm32.13.3.rel1.win32_1.0.0.202411081344/tools/bin/../lib/gcc/arm-none-eabi/13.3.1/thumb/v6-m/nofp\libgcc.a(_dvmd_tls.o)
 .ARM.attributes
                0x0000053b       0x1e C:/ST/STM32CubeIDE_1.17.0/STM32CubeIDE/plugins/com.st.stm32cube.ide.mcu.externaltools.gnu-tools-for-stm32.13.3.rel1.win32_1.0.0.202411081344/tools/bin/../lib/gcc/arm-none-eabi/13.3.1/thumb/v6-m/nofp/crtn.o
OUTPUT(F042_LQ_DUM_MB.elf elf32-littlearm)
LOAD linker stubs
LOAD C:/ST/STM32CubeIDE_1.17.0/STM32CubeIDE/plugins/com.st.stm32cube.ide.mcu.externaltools.gnu-tools-for-stm32.13.3.rel1.win32_1.0.0.202411081344/tools/bin/../lib/gcc/arm-none-eabi/13.3.1/../../../../arm-none-eabi/lib/thumb/v6-m/nofp\libc.a
LOAD C:/ST/STM32CubeIDE_1.17.0/STM32CubeIDE/plugins/com.st.stm32cube.ide.mcu.externaltools.gnu-tools-for-stm32.13.3.rel1.win32_1.0.0.202411081344/tools/bin/../lib/gcc/arm-none-eabi/13.3.1/../../../../arm-none-eabi/lib/thumb/v6-m/nofp\libm.a
LOAD C:/ST/STM32CubeIDE_1.17.0/STM32CubeIDE/plugins/com.st.stm32cube.ide.mcu.externaltools.gnu-tools-for-stm32.13.3.rel1.win32_1.0.0.202411081344/tools/bin/../lib/gcc/arm-none-eabi/13.3.1/thumb/v6-m/nofp\libgcc.a

.debug_info     0x00000000    0x11d2e
 .debug_info    0x00000000     0x119e ./Core/Src/main.o
 .debug_info    0x0000119e      0xd9f ./Core/Src/stm32f0xx_hal_msp.o
 .debug_info    0x00001f3d      0xa04 ./Core/Src/stm32f0xx_it.o
 .debug_info    0x00002941      0x242 ./Core/Src/system_stm32f0xx.o
 .debug_info    0x00002b83       0x30 ./Core/Startup/startup_stm32f042k6tx.o
 .debug_info    0x00002bb3      0x69d ./Drivers/STM32F0xx_HAL_Driver/Src/stm32f0xx_hal.o
 .debug_info    0x00003250      0x6a7 ./Drivers/STM32F0xx_HAL_Driver/Src/stm32f0xx_hal_cortex.o
 .debug_info    0x000038f7      0x6ea ./Drivers/STM32F0xx_HAL_Driver/Src/stm32f0xx_hal_dma.o
 .debug_info    0x00003fe1      0x5a6 ./Drivers/STM32F0xx_HAL_Driver/Src/stm32f0xx_hal_gpio.o
 .debug_info    0x00004587      0x83f ./Drivers/STM32F0xx_HAL_Driver/Src/stm32f0xx_hal_rcc.o
 .debug_info    0x00004dc6      0x600 ./Drivers/STM32F0xx_HAL_Driver/Src/stm32f0xx_hal_rcc_ex.o
 .debug_info    0x000053c6     0x2950 ./Drivers/STM32F0xx_HAL_Driver/Src/stm32f0xx_hal_tim.o
 .debug_info    0x00007d16     0x1492 ./Drivers/STM32F0xx_HAL_Driver/Src/stm32f0xx_hal_tim_ex.o
 .debug_info    0x000091a8     0x3aa2 ./Drivers/STM32F0xx_HAL_Driver/Src/stm32f0xx_hal_uart.o
 .debug_info    0x0000cc4a      0xc8c ./Drivers/STM32F0xx_HAL_Driver/Src/stm32f0xx_hal_uart_ex.o
 .debug_info    0x0000d8d6      0x12d ./Library/microtbx/tbx_assert.o
 .debug_info    0x0000da03       0x24 ./Library/microtbx/tbx_comp.o
 .debug_info    0x0000da27      0x147 ./Library/microtbx/tbx_critsect.o
 .debug_info    0x0000db6e      0x1a2 ./Library/microtbx/tbx_heap.o
 .debug_info    0x0000dd10      0x74a ./Library/microtbx/tbx_mempool.o
 .debug_info    0x0000e45a      0x3e3 ./Library/microtbx-modbus/tbxmb_event.o
 .debug_info    0x0000e83d      0xc81 ./Library/microtbx-modbus/tbxmb_port.o
 .debug_info    0x0000f4be      0xe45 ./Library/microtbx-modbus/tbxmb_rtu.o
 .debug_info    0x00010303     0x1050 ./Library/microtbx-modbus/tbxmb_server.o
 .debug_info    0x00011353      0x5c0 ./Library/microtbx-modbus/tbxmb_superloop.o
 .debug_info    0x00011913      0x41b ./Library/microtbx-modbus/tbxmb_uart.o

.debug_abbrev   0x00000000     0x2f9e
 .debug_abbrev  0x00000000      0x2fa ./Core/Src/main.o
 .debug_abbrev  0x000002fa      0x1de ./Core/Src/stm32f0xx_hal_msp.o
 .debug_abbrev  0x000004d8      0x19c ./Core/Src/stm32f0xx_it.o
 .debug_abbrev  0x00000674      0x11c ./Core/Src/system_stm32f0xx.o
 .debug_abbrev  0x00000790       0x24 ./Core/Startup/startup_stm32f042k6tx.o
 .debug_abbrev  0x000007b4      0x247 ./Drivers/STM32F0xx_HAL_Driver/Src/stm32f0xx_hal.o
 .debug_abbrev  0x000009fb      0x28c ./Drivers/STM32F0xx_HAL_Driver/Src/stm32f0xx_hal_cortex.o
 .debug_abbrev  0x00000c87      0x224 ./Drivers/STM32F0xx_HAL_Driver/Src/stm32f0xx_hal_dma.o
 .debug_abbrev  0x00000eab      0x1cb ./Drivers/STM32F0xx_HAL_Driver/Src/stm32f0xx_hal_gpio.o
 .debug_abbrev  0x00001076      0x28c ./Drivers/STM32F0xx_HAL_Driver/Src/stm32f0xx_hal_rcc.o
 .debug_abbrev  0x00001302      0x1da ./Drivers/STM32F0xx_HAL_Driver/Src/stm32f0xx_hal_rcc_ex.o
 .debug_abbrev  0x000014dc      0x278 ./Drivers/STM32F0xx_HAL_Driver/Src/stm32f0xx_hal_tim.o
 .debug_abbrev  0x00001754      0x283 ./Drivers/STM32F0xx_HAL_Driver/Src/stm32f0xx_hal_tim_ex.o
 .debug_abbrev  0x000019d7      0x2cd ./Drivers/STM32F0xx_HAL_Driver/Src/stm32f0xx_hal_uart.o
 .debug_abbrev  0x00001ca4      0x2a9 ./Drivers/STM32F0xx_HAL_Driver/Src/stm32f0xx_hal_uart_ex.o
 .debug_abbrev  0x00001f4d       0xb3 ./Library/microtbx/tbx_assert.o
 .debug_abbrev  0x00002000       0x14 ./Library/microtbx/tbx_comp.o
 .debug_abbrev  0x00002014       0xc7 ./Library/microtbx/tbx_critsect.o
 .debug_abbrev  0x000020db       0xde ./Library/microtbx/tbx_heap.o
 .debug_abbrev  0x000021b9      0x1b3 ./Library/microtbx/tbx_mempool.o
 .debug_abbrev  0x0000236c      0x176 ./Library/microtbx-modbus/tbxmb_event.o
 .debug_abbrev  0x000024e2      0x211 ./Library/microtbx-modbus/tbxmb_port.o
 .debug_abbrev  0x000026f3      0x274 ./Library/microtbx-modbus/tbxmb_rtu.o
 .debug_abbrev  0x00002967      0x245 ./Library/microtbx-modbus/tbxmb_server.o
 .debug_abbrev  0x00002bac      0x286 ./Library/microtbx-modbus/tbxmb_superloop.o
 .debug_abbrev  0x00002e32      0x16c ./Library/microtbx-modbus/tbxmb_uart.o

.debug_aranges  0x00000000      0xfd0
 .debug_aranges
                0x00000000       0x50 ./Core/Src/main.o
 .debug_aranges
                0x00000050       0x40 ./Core/Src/stm32f0xx_hal_msp.o
 .debug_aranges
                0x00000090       0x50 ./Core/Src/stm32f0xx_it.o
 .debug_aranges
                0x000000e0       0x28 ./Core/Src/system_stm32f0xx.o
 .debug_aranges
                0x00000108       0x28 ./Core/Startup/startup_stm32f042k6tx.o
 .debug_aranges
                0x00000130       0xd0 ./Drivers/STM32F0xx_HAL_Driver/Src/stm32f0xx_hal.o
 .debug_aranges
                0x00000200       0xc0 ./Drivers/STM32F0xx_HAL_Driver/Src/stm32f0xx_hal_cortex.o
 .debug_aranges
                0x000002c0       0x88 ./Drivers/STM32F0xx_HAL_Driver/Src/stm32f0xx_hal_dma.o
 .debug_aranges
                0x00000348       0x58 ./Drivers/STM32F0xx_HAL_Driver/Src/stm32f0xx_hal_gpio.o
 .debug_aranges
                0x000003a0       0x80 ./Drivers/STM32F0xx_HAL_Driver/Src/stm32f0xx_hal_rcc.o
 .debug_aranges
                0x00000420       0x78 ./Drivers/STM32F0xx_HAL_Driver/Src/stm32f0xx_hal_rcc_ex.o
 .debug_aranges
                0x00000498      0x3d0 ./Drivers/STM32F0xx_HAL_Driver/Src/stm32f0xx_hal_tim.o
 .debug_aranges
                0x00000868      0x168 ./Drivers/STM32F0xx_HAL_Driver/Src/stm32f0xx_hal_tim_ex.o
 .debug_aranges
                0x000009d0      0x228 ./Drivers/STM32F0xx_HAL_Driver/Src/stm32f0xx_hal_uart.o
 .debug_aranges
                0x00000bf8       0x70 ./Drivers/STM32F0xx_HAL_Driver/Src/stm32f0xx_hal_uart_ex.o
 .debug_aranges
                0x00000c68       0x28 ./Library/microtbx/tbx_assert.o
 .debug_aranges
                0x00000c90       0x20 ./Library/microtbx/tbx_comp.o
 .debug_aranges
                0x00000cb0       0x28 ./Library/microtbx/tbx_critsect.o
 .debug_aranges
                0x00000cd8       0x28 ./Library/microtbx/tbx_heap.o
 .debug_aranges
                0x00000d00       0x90 ./Library/microtbx/tbx_mempool.o
 .debug_aranges
                0x00000d90       0x28 ./Library/microtbx-modbus/tbxmb_event.o
 .debug_aranges
                0x00000db8       0x40 ./Library/microtbx-modbus/tbxmb_port.o
 .debug_aranges
                0x00000df8       0x70 ./Library/microtbx-modbus/tbxmb_rtu.o
 .debug_aranges
                0x00000e68       0xc0 ./Library/microtbx-modbus/tbxmb_server.o
 .debug_aranges
                0x00000f28       0x70 ./Library/microtbx-modbus/tbxmb_superloop.o
 .debug_aranges
                0x00000f98       0x38 ./Library/microtbx-modbus/tbxmb_uart.o

.debug_rnglists
                0x00000000      0xd84
 .debug_rnglists
                0x00000000       0x3a ./Core/Src/main.o
 .debug_rnglists
                0x0000003a       0x2c ./Core/Src/stm32f0xx_hal_msp.o
 .debug_rnglists
                0x00000066       0x37 ./Core/Src/stm32f0xx_it.o
 .debug_rnglists
                0x0000009d       0x1a ./Core/Src/system_stm32f0xx.o
 .debug_rnglists
                0x000000b7       0x1a ./Core/Startup/startup_stm32f042k6tx.o
 .debug_rnglists
                0x000000d1       0x97 ./Drivers/STM32F0xx_HAL_Driver/Src/stm32f0xx_hal.o
 .debug_rnglists
                0x00000168       0x8c ./Drivers/STM32F0xx_HAL_Driver/Src/stm32f0xx_hal_cortex.o
 .debug_rnglists
                0x000001f4       0x6a ./Drivers/STM32F0xx_HAL_Driver/Src/stm32f0xx_hal_dma.o
 .debug_rnglists
                0x0000025e       0x3f ./Drivers/STM32F0xx_HAL_Driver/Src/stm32f0xx_hal_gpio.o
 .debug_rnglists
                0x0000029d       0x61 ./Drivers/STM32F0xx_HAL_Driver/Src/stm32f0xx_hal_rcc.o
 .debug_rnglists
                0x000002fe       0x5a ./Drivers/STM32F0xx_HAL_Driver/Src/stm32f0xx_hal_rcc_ex.o
 .debug_rnglists
                0x00000358      0x31c ./Drivers/STM32F0xx_HAL_Driver/Src/stm32f0xx_hal_tim.o
 .debug_rnglists
                0x00000674      0x126 ./Drivers/STM32F0xx_HAL_Driver/Src/stm32f0xx_hal_tim_ex.o
 .debug_rnglists
                0x0000079a      0x1db ./Drivers/STM32F0xx_HAL_Driver/Src/stm32f0xx_hal_uart.o
 .debug_rnglists
                0x00000975       0x54 ./Drivers/STM32F0xx_HAL_Driver/Src/stm32f0xx_hal_uart_ex.o
 .debug_rnglists
                0x000009c9       0x19 ./Library/microtbx/tbx_assert.o
 .debug_rnglists
                0x000009e2       0x19 ./Library/microtbx/tbx_critsect.o
 .debug_rnglists
                0x000009fb       0x19 ./Library/microtbx/tbx_heap.o
 .debug_rnglists
                0x00000a14       0x6c ./Library/microtbx/tbx_mempool.o
 .debug_rnglists
                0x00000a80       0x1a ./Library/microtbx-modbus/tbxmb_event.o
 .debug_rnglists
                0x00000a9a       0x2b ./Library/microtbx-modbus/tbxmb_port.o
 .debug_rnglists
                0x00000ac5       0xb5 ./Library/microtbx-modbus/tbxmb_rtu.o
 .debug_rnglists
                0x00000b7a      0x18f ./Library/microtbx-modbus/tbxmb_server.o
 .debug_rnglists
                0x00000d09       0x53 ./Library/microtbx-modbus/tbxmb_superloop.o
 .debug_rnglists
                0x00000d5c       0x28 ./Library/microtbx-modbus/tbxmb_uart.o

.debug_macro    0x00000000    0x19feb
 .debug_macro   0x00000000      0x3e6 ./Core/Src/main.o
 .debug_macro   0x000003e6      0xaae ./Core/Src/main.o
 .debug_macro   0x00000e94      0x133 ./Core/Src/main.o
 .debug_macro   0x00000fc7       0x2e ./Core/Src/main.o
 .debug_macro   0x00000ff5       0x22 ./Core/Src/main.o
 .debug_macro   0x00001017       0x22 ./Core/Src/main.o
 .debug_macro   0x00001039       0x8e ./Core/Src/main.o
 .debug_macro   0x000010c7       0x51 ./Core/Src/main.o
 .debug_macro   0x00001118      0x103 ./Core/Src/main.o
 .debug_macro   0x0000121b       0x6a ./Core/Src/main.o
 .debug_macro   0x00001285      0x1df ./Core/Src/main.o
 .debug_macro   0x00001464       0x1c ./Core/Src/main.o
 .debug_macro   0x00001480       0x22 ./Core/Src/main.o
 .debug_macro   0x000014a2       0xaf ./Core/Src/main.o
 .debug_macro   0x00001551      0x391 ./Core/Src/main.o
 .debug_macro   0x000018e2     0xf209 ./Core/Src/main.o
 .debug_macro   0x00010aeb       0x66 ./Core/Src/main.o
 .debug_macro   0x00010b51     0x34da ./Core/Src/main.o
 .debug_macro   0x0001402b      0x190 ./Core/Src/main.o
 .debug_macro   0x000141bb       0x55 ./Core/Src/main.o
 .debug_macro   0x00014210      0x946 ./Core/Src/main.o
 .debug_macro   0x00014b56      0x46b ./Core/Src/main.o
 .debug_macro   0x00014fc1      0x1ae ./Core/Src/main.o
 .debug_macro   0x0001516f      0x130 ./Core/Src/main.o
 .debug_macro   0x0001529f      0x199 ./Core/Src/main.o
 .debug_macro   0x00015438      0x1ed ./Core/Src/main.o
 .debug_macro   0x00015625       0x34 ./Core/Src/main.o
 .debug_macro   0x00015659       0x43 ./Core/Src/main.o
 .debug_macro   0x0001569c       0x28 ./Core/Src/main.o
 .debug_macro   0x000156c4       0xb0 ./Core/Src/main.o
 .debug_macro   0x00015774      0x182 ./Core/Src/main.o
 .debug_macro   0x000158f6      0x22c ./Core/Src/main.o
 .debug_macro   0x00015b22       0x61 ./Core/Src/main.o
 .debug_macro   0x00015b83       0xa5 ./Core/Src/main.o
 .debug_macro   0x00015c28       0x4c ./Core/Src/main.o
 .debug_macro   0x00015c74      0x15b ./Core/Src/main.o
 .debug_macro   0x00015dcf      0x8f4 ./Core/Src/main.o
 .debug_macro   0x000166c3       0x28 ./Core/Src/main.o
 .debug_macro   0x000166eb      0x5ba ./Core/Src/main.o
 .debug_macro   0x00016ca5       0x44 ./Core/Src/main.o
 .debug_macro   0x00016ce9      0x12e ./Core/Src/main.o
 .debug_macro   0x00016e17       0x1c ./Core/Src/main.o
 .debug_macro   0x00016e33       0x61 ./Core/Src/main.o
 .debug_macro   0x00016e94       0x24 ./Core/Src/main.o
 .debug_macro   0x00016eb8       0x43 ./Core/Src/main.o
 .debug_macro   0x00016efb       0x34 ./Core/Src/main.o
 .debug_macro   0x00016f2f       0x16 ./Core/Src/main.o
 .debug_macro   0x00016f45       0x3c ./Core/Src/main.o
 .debug_macro   0x00016f81      0x370 ./Core/Src/main.o
 .debug_macro   0x000172f1       0x10 ./Core/Src/main.o
 .debug_macro   0x00017301       0x16 ./Core/Src/main.o
 .debug_macro   0x00017317       0x4a ./Core/Src/main.o
 .debug_macro   0x00017361       0x34 ./Core/Src/main.o
 .debug_macro   0x00017395       0x10 ./Core/Src/main.o
 .debug_macro   0x000173a5       0x58 ./Core/Src/main.o
 .debug_macro   0x000173fd       0x8e ./Core/Src/main.o
 .debug_macro   0x0001748b       0x1c ./Core/Src/main.o
 .debug_macro   0x000174a7      0x185 ./Core/Src/main.o
 .debug_macro   0x0001762c       0x16 ./Core/Src/main.o
 .debug_macro   0x00017642       0x16 ./Core/Src/main.o
 .debug_macro   0x00017658      0x146 ./Core/Src/main.o
 .debug_macro   0x0001779e      0x19b ./Core/Src/main.o
 .debug_macro   0x00017939       0x16 ./Core/Src/main.o
 .debug_macro   0x0001794f       0x16 ./Core/Src/main.o
 .debug_macro   0x00017965       0x29 ./Core/Src/main.o
 .debug_macro   0x0001798e       0x16 ./Core/Src/main.o
 .debug_macro   0x000179a4       0x10 ./Core/Src/main.o
 .debug_macro   0x000179b4       0x40 ./Core/Src/main.o
 .debug_macro   0x000179f4       0x88 ./Core/Src/main.o
 .debug_macro   0x00017a7c       0x2e ./Core/Src/main.o
 .debug_macro   0x00017aaa       0x16 ./Core/Src/main.o
 .debug_macro   0x00017ac0      0x1d1 ./Core/Src/stm32f0xx_hal_msp.o
 .debug_macro   0x00017c91      0x1db ./Core/Src/stm32f0xx_it.o
 .debug_macro   0x00017e6c      0x1c2 ./Core/Src/system_stm32f0xx.o
 .debug_macro   0x0001802e      0x1e6 ./Drivers/STM32F0xx_HAL_Driver/Src/stm32f0xx_hal.o
 .debug_macro   0x00018214      0x1c2 ./Drivers/STM32F0xx_HAL_Driver/Src/stm32f0xx_hal_cortex.o
 .debug_macro   0x000183d6      0x1c2 ./Drivers/STM32F0xx_HAL_Driver/Src/stm32f0xx_hal_dma.o
 .debug_macro   0x00018598      0x1c9 ./Drivers/STM32F0xx_HAL_Driver/Src/stm32f0xx_hal_gpio.o
 .debug_macro   0x00018761      0x1d4 ./Drivers/STM32F0xx_HAL_Driver/Src/stm32f0xx_hal_rcc.o
 .debug_macro   0x00018935      0x1d4 ./Drivers/STM32F0xx_HAL_Driver/Src/stm32f0xx_hal_rcc_ex.o
 .debug_macro   0x00018b09      0x1c3 ./Drivers/STM32F0xx_HAL_Driver/Src/stm32f0xx_hal_tim.o
 .debug_macro   0x00018ccc      0x1c2 ./Drivers/STM32F0xx_HAL_Driver/Src/stm32f0xx_hal_tim_ex.o
 .debug_macro   0x00018e8e      0x1df ./Drivers/STM32F0xx_HAL_Driver/Src/stm32f0xx_hal_uart.o
 .debug_macro   0x0001906d      0x1c2 ./Drivers/STM32F0xx_HAL_Driver/Src/stm32f0xx_hal_uart_ex.o
 .debug_macro   0x0001922f       0xf1 ./Library/microtbx/tbx_assert.o
 .debug_macro   0x00019320       0xf1 ./Library/microtbx/tbx_critsect.o
 .debug_macro   0x00019411       0xf1 ./Library/microtbx/tbx_heap.o
 .debug_macro   0x00019502       0xf1 ./Library/microtbx/tbx_mempool.o
 .debug_macro   0x000195f3      0x165 ./Library/microtbx-modbus/tbxmb_event.o
 .debug_macro   0x00019758      0x2ac ./Library/microtbx-modbus/tbxmb_port.o
 .debug_macro   0x00019a04      0x1a2 ./Library/microtbx-modbus/tbxmb_rtu.o
 .debug_macro   0x00019ba6      0x17e ./Library/microtbx-modbus/tbxmb_server.o
 .debug_macro   0x00019d24      0x16b ./Library/microtbx-modbus/tbxmb_superloop.o
 .debug_macro   0x00019e8f      0x15c ./Library/microtbx-modbus/tbxmb_uart.o

.debug_line     0x00000000    0x14ded
 .debug_line    0x00000000      0xc20 ./Core/Src/main.o
 .debug_line    0x00000c20      0x7ed ./Core/Src/stm32f0xx_hal_msp.o
 .debug_line    0x0000140d      0x7ef ./Core/Src/stm32f0xx_it.o
 .debug_line    0x00001bfc      0x7ea ./Core/Src/system_stm32f0xx.o
 .debug_line    0x000023e6       0x8d ./Core/Startup/startup_stm32f042k6tx.o
 .debug_line    0x00002473      0x9e1 ./Drivers/STM32F0xx_HAL_Driver/Src/stm32f0xx_hal.o
 .debug_line    0x00002e54      0xa89 ./Drivers/STM32F0xx_HAL_Driver/Src/stm32f0xx_hal_cortex.o
 .debug_line    0x000038dd      0xce5 ./Drivers/STM32F0xx_HAL_Driver/Src/stm32f0xx_hal_dma.o
 .debug_line    0x000045c2      0xb33 ./Drivers/STM32F0xx_HAL_Driver/Src/stm32f0xx_hal_gpio.o
 .debug_line    0x000050f5      0xf26 ./Drivers/STM32F0xx_HAL_Driver/Src/stm32f0xx_hal_rcc.o
 .debug_line    0x0000601b      0xc3b ./Drivers/STM32F0xx_HAL_Driver/Src/stm32f0xx_hal_rcc_ex.o
 .debug_line    0x00006c56     0x36d7 ./Drivers/STM32F0xx_HAL_Driver/Src/stm32f0xx_hal_tim.o
 .debug_line    0x0000a32d     0x18b7 ./Drivers/STM32F0xx_HAL_Driver/Src/stm32f0xx_hal_tim_ex.o
 .debug_line    0x0000bbe4     0x2d3d ./Drivers/STM32F0xx_HAL_Driver/Src/stm32f0xx_hal_uart.o
 .debug_line    0x0000e921      0xbaf ./Drivers/STM32F0xx_HAL_Driver/Src/stm32f0xx_hal_uart_ex.o
 .debug_line    0x0000f4d0      0x522 ./Library/microtbx/tbx_assert.o
 .debug_line    0x0000f9f2       0x4f ./Library/microtbx/tbx_comp.o
 .debug_line    0x0000fa41      0x52f ./Library/microtbx/tbx_critsect.o
 .debug_line    0x0000ff70      0x540 ./Library/microtbx/tbx_heap.o
 .debug_line    0x000104b0      0x9fc ./Library/microtbx/tbx_mempool.o
 .debug_line    0x00010eac      0x73d ./Library/microtbx-modbus/tbxmb_event.o
 .debug_line    0x000115e9      0x96a ./Library/microtbx-modbus/tbxmb_port.o
 .debug_line    0x00011f53      0xca6 ./Library/microtbx-modbus/tbxmb_rtu.o
 .debug_line    0x00012bf9     0x129e ./Library/microtbx-modbus/tbxmb_server.o
 .debug_line    0x00013e97      0x8b2 ./Library/microtbx-modbus/tbxmb_superloop.o
 .debug_line    0x00014749      0x6a4 ./Library/microtbx-modbus/tbxmb_uart.o

.debug_str      0x00000000    0x93f43
 .debug_str     0x00000000    0x93f43 ./Core/Src/main.o
                              0x8ffd2 (size before relaxing)
 .debug_str     0x00093f43    0x8b437 ./Core/Src/stm32f0xx_hal_msp.o
 .debug_str     0x00093f43    0x8b1bd ./Core/Src/stm32f0xx_it.o
 .debug_str     0x00093f43    0x8aa5d ./Core/Src/system_stm32f0xx.o
 .debug_str     0x00093f43       0x6a ./Core/Startup/startup_stm32f042k6tx.o
 .debug_str     0x00093f43    0x8b00f ./Drivers/STM32F0xx_HAL_Driver/Src/stm32f0xx_hal.o
 .debug_str     0x00093f43    0x8ae00 ./Drivers/STM32F0xx_HAL_Driver/Src/stm32f0xx_hal_cortex.o
 .debug_str     0x00093f43    0x8ae03 ./Drivers/STM32F0xx_HAL_Driver/Src/stm32f0xx_hal_dma.o
 .debug_str     0x00093f43    0x8abfe ./Drivers/STM32F0xx_HAL_Driver/Src/stm32f0xx_hal_gpio.o
 .debug_str     0x00093f43    0x8aea4 ./Drivers/STM32F0xx_HAL_Driver/Src/stm32f0xx_hal_rcc.o
 .debug_str     0x00093f43    0x8ae47 ./Drivers/STM32F0xx_HAL_Driver/Src/stm32f0xx_hal_rcc_ex.o
 .debug_str     0x00093f43    0x8be73 ./Drivers/STM32F0xx_HAL_Driver/Src/stm32f0xx_hal_tim.o
 .debug_str     0x00093f43    0x8b67f ./Drivers/STM32F0xx_HAL_Driver/Src/stm32f0xx_hal_tim_ex.o
 .debug_str     0x00093f43    0x8b7c1 ./Drivers/STM32F0xx_HAL_Driver/Src/stm32f0xx_hal_uart.o
 .debug_str     0x00093f43    0x8b0f2 ./Drivers/STM32F0xx_HAL_Driver/Src/stm32f0xx_hal_uart_ex.o
 .debug_str     0x00093f43     0x424d ./Library/microtbx/tbx_assert.o
 .debug_str     0x00093f43       0x53 ./Library/microtbx/tbx_comp.o
 .debug_str     0x00093f43     0x429d ./Library/microtbx/tbx_critsect.o
 .debug_str     0x00093f43     0x42a4 ./Library/microtbx/tbx_heap.o
 .debug_str     0x00093f43     0x450e ./Library/microtbx/tbx_mempool.o
 .debug_str     0x00093f43     0x4a45 ./Library/microtbx-modbus/tbxmb_event.o
 .debug_str     0x00093f43    0x8bb7f ./Library/microtbx-modbus/tbxmb_port.o
 .debug_str     0x00093f43     0x51dc ./Library/microtbx-modbus/tbxmb_rtu.o
 .debug_str     0x00093f43     0x5063 ./Library/microtbx-modbus/tbxmb_server.o
 .debug_str     0x00093f43     0x4b52 ./Library/microtbx-modbus/tbxmb_superloop.o
 .debug_str     0x00093f43     0x4aca ./Library/microtbx-modbus/tbxmb_uart.o

.comment        0x00000000       0x43
 .comment       0x00000000       0x43 ./Core/Src/main.o
                                 0x44 (size before relaxing)
 .comment       0x00000043       0x44 ./Core/Src/stm32f0xx_hal_msp.o
 .comment       0x00000043       0x44 ./Core/Src/stm32f0xx_it.o
 .comment       0x00000043       0x44 ./Core/Src/system_stm32f0xx.o
 .comment       0x00000043       0x44 ./Drivers/STM32F0xx_HAL_Driver/Src/stm32f0xx_hal.o
 .comment       0x00000043       0x44 ./Drivers/STM32F0xx_HAL_Driver/Src/stm32f0xx_hal_cortex.o
 .comment       0x00000043       0x44 ./Drivers/STM32F0xx_HAL_Driver/Src/stm32f0xx_hal_dma.o
 .comment       0x00000043       0x44 ./Drivers/STM32F0xx_HAL_Driver/Src/stm32f0xx_hal_gpio.o
 .comment       0x00000043       0x44 ./Drivers/STM32F0xx_HAL_Driver/Src/stm32f0xx_hal_rcc.o
 .comment       0x00000043       0x44 ./Drivers/STM32F0xx_HAL_Driver/Src/stm32f0xx_hal_rcc_ex.o
 .comment       0x00000043       0x44 ./Drivers/STM32F0xx_HAL_Driver/Src/stm32f0xx_hal_tim.o
 .comment       0x00000043       0x44 ./Drivers/STM32F0xx_HAL_Driver/Src/stm32f0xx_hal_tim_ex.o
 .comment       0x00000043       0x44 ./Drivers/STM32F0xx_HAL_Driver/Src/stm32f0xx_hal_uart.o
 .comment       0x00000043       0x44 ./Drivers/STM32F0xx_HAL_Driver/Src/stm32f0xx_hal_uart_ex.o
 .comment       0x00000043       0x44 ./Library/microtbx/tbx_assert.o
 .comment       0x00000043       0x44 ./Library/microtbx/tbx_critsect.o
 .comment       0x00000043       0x44 ./Library/microtbx/tbx_heap.o
 .comment       0x00000043       0x44 ./Library/microtbx/tbx_mempool.o
 .comment       0x00000043       0x44 ./Library/microtbx-modbus/tbxmb_event.o
 .comment       0x00000043       0x44 ./Library/microtbx-modbus/tbxmb_port.o
 .comment       0x00000043       0x44 ./Library/microtbx-modbus/tbxmb_rtu.o
 .comment       0x00000043       0x44 ./Library/microtbx-modbus/tbxmb_server.o
 .comment       0x00000043       0x44 ./Library/microtbx-modbus/tbxmb_superloop.o
 .comment       0x00000043       0x44 ./Library/microtbx-modbus/tbxmb_uart.o

.debug_frame    0x00000000     0x36c0
 .debug_frame   0x00000000       0xe4 ./Core/Src/main.o
 .debug_frame   0x000000e4       0xb0 ./Core/Src/stm32f0xx_hal_msp.o
 .debug_frame   0x00000194       0xd4 ./Core/Src/stm32f0xx_it.o
 .debug_frame   0x00000268       0x4c ./Core/Src/system_stm32f0xx.o
 .debug_frame   0x000002b4      0x2a4 ./Drivers/STM32F0xx_HAL_Driver/Src/stm32f0xx_hal.o
 .debug_frame   0x00000558      0x2a0 ./Drivers/STM32F0xx_HAL_Driver/Src/stm32f0xx_hal_cortex.o
 .debug_frame   0x000007f8      0x1d0 ./Drivers/STM32F0xx_HAL_Driver/Src/stm32f0xx_hal_dma.o
 .debug_frame   0x000009c8      0x110 ./Drivers/STM32F0xx_HAL_Driver/Src/stm32f0xx_hal_gpio.o
 .debug_frame   0x00000ad8      0x198 ./Drivers/STM32F0xx_HAL_Driver/Src/stm32f0xx_hal_rcc.o
 .debug_frame   0x00000c70      0x180 ./Drivers/STM32F0xx_HAL_Driver/Src/stm32f0xx_hal_rcc_ex.o
 .debug_frame   0x00000df0      0xf00 ./Drivers/STM32F0xx_HAL_Driver/Src/stm32f0xx_hal_tim.o
 .debug_frame   0x00001cf0      0x560 ./Drivers/STM32F0xx_HAL_Driver/Src/stm32f0xx_hal_tim_ex.o
 .debug_frame   0x00002250      0x850 ./Drivers/STM32F0xx_HAL_Driver/Src/stm32f0xx_hal_uart.o
 .debug_frame   0x00002aa0      0x174 ./Drivers/STM32F0xx_HAL_Driver/Src/stm32f0xx_hal_uart_ex.o
 .debug_frame   0x00002c14       0x50 ./Library/microtbx/tbx_assert.o
 .debug_frame   0x00002c64       0x4c ./Library/microtbx/tbx_critsect.o
 .debug_frame   0x00002cb0       0x50 ./Library/microtbx/tbx_heap.o
 .debug_frame   0x00002d00      0x1f0 ./Library/microtbx/tbx_mempool.o
 .debug_frame   0x00002ef0       0x50 ./Library/microtbx-modbus/tbxmb_event.o
 .debug_frame   0x00002f40       0xb0 ./Library/microtbx-modbus/tbxmb_port.o
 .debug_frame   0x00002ff0      0x184 ./Library/microtbx-modbus/tbxmb_rtu.o
 .debug_frame   0x00003174      0x2d8 ./Library/microtbx-modbus/tbxmb_server.o
 .debug_frame   0x0000344c      0x174 ./Library/microtbx-modbus/tbxmb_superloop.o
 .debug_frame   0x000035c0       0x94 ./Library/microtbx-modbus/tbxmb_uart.o
 .debug_frame   0x00003654       0x20 C:/ST/STM32CubeIDE_1.17.0/STM32CubeIDE/plugins/com.st.stm32cube.ide.mcu.externaltools.gnu-tools-for-stm32.13.3.rel1.win32_1.0.0.202411081344/tools/bin/../lib/gcc/arm-none-eabi/13.3.1/../../../../arm-none-eabi/lib/thumb/v6-m/nofp\libc_nano.a(libc_a-memset.o)
 .debug_frame   0x00003674       0x2c C:/ST/STM32CubeIDE_1.17.0/STM32CubeIDE/plugins/com.st.stm32cube.ide.mcu.externaltools.gnu-tools-for-stm32.13.3.rel1.win32_1.0.0.202411081344/tools/bin/../lib/gcc/arm-none-eabi/13.3.1/../../../../arm-none-eabi/lib/thumb/v6-m/nofp\libc_nano.a(libc_a-init.o)
 .debug_frame   0x000036a0       0x20 C:/ST/STM32CubeIDE_1.17.0/STM32CubeIDE/plugins/com.st.stm32cube.ide.mcu.externaltools.gnu-tools-for-stm32.13.3.rel1.win32_1.0.0.202411081344/tools/bin/../lib/gcc/arm-none-eabi/13.3.1/thumb/v6-m/nofp\libgcc.a(_udivsi3.o)

.debug_line_str
                0x00000000       0x6d
 .debug_line_str
                0x00000000       0x6d ./Core/Startup/startup_stm32f042k6tx.o
                                 0x4e (size before relaxing)
 .debug_line_str
                0x0000006d       0x45 ./Library/microtbx/tbx_comp.o
